// Jest Snapshot v1, https://goo.gl/fbAQLP

exports[`<Main/ Deve renderizar o heading 1`] = `
<main>
  <h1>
    Rodrigo Oliveira JS
  </h1>
</main>
`
